waiting for server to start..... done
server started

> express-db-access-performance-experiments@0.1.0 test
> node --test 'bench/*.test.mjs'

✔ seed oracle replays a small fixture exactly (2.419276ms)
✔ seed oracle materializes the declared fan-out fixture (4.660171ms)
✔ median: odd, even, unsorted, empty (5.783517ms)
✔ cv: known value, degenerate cases (0.277033ms)
✔ mean and sd: hand-computed (0.244826ms)
✔ logRatios and geomMeanRatio (0.237934ms)
✔ winFraction: dominance with ties = 1/2 (0.255617ms)
✔ cliffsDelta and magnitude thresholds (0.312375ms)
✔ mannWhitneyU: identical -> p~1, separated -> small p, U symmetric (0.446263ms)
✔ pairedPermutation: identical samples give p = 1 (2.866092ms)
✔ pairedPermutation: well-separated gives small p; respects the 1/(B+1) floor (3.888121ms)
✔ pairedPermutation: p is symmetric under swapping a,b (same seed) (2.11625ms)
✔ wilcoxonSignedRank: all-zero differences -> p = 1 (0.366961ms)
✔ wilcoxonSignedRank: constant positive shift, hand-computed z and p (0.223116ms)
✔ pairedBootstrapRatioCI: identical -> [1,1] regardless of resampling (0.967193ms)
✔ pairedBootstrapRatioCI: uniform 2x -> [2,2]; ordered lo<=hi otherwise (3.232284ms)
✔ pairedTOST: identical samples are equivalent within +/-5% (0.797348ms)
✔ pairedTOST: a 2x larger is NOT equivalent; a 2% shift IS (0.633176ms)
✔ blockedInteraction: no layer effect -> F=0, p=1 (5.483565ms)
✔ blockedInteraction: strong, consistent layer effect -> large F, small p (17.171233ms)
✔ blockedInteraction: p respects the 1/(B+1) resolution floor (3.079076ms)
ℹ tests 21
ℹ suites 0
ℹ pass 21
ℹ fail 0
ℹ cancelled 0
ℹ skipped 0
ℹ todo 0
ℹ duration_ms 142.920994

> express-db-access-performance-experiments@0.1.0 verify:spec
> npm run prisma:generate:pg && ENGINE=postgres node bench/verify-spec.mjs && npm run prisma:generate:mysql && ENGINE=mysql node bench/verify-spec.mjs


> express-db-access-performance-experiments@0.1.0 prisma:generate:pg
> prisma generate --schema=prisma/schema.postgres.prisma

Prisma schema loaded from prisma/schema.postgres.prisma.

✔ Generated Prisma Client (v7.8.0) to ./node_modules/@prisma/client in 95ms

Start by importing your Prisma Client (See: https://pris.ly/d/importing-client)


Building DB-independent seed oracle: 100000 posts, 1000000 comments; 1015 post inputs, 1007 author inputs
  ✓ pg: 4060 expected-result checks
  ✓ pg-tuned: 4060 expected-result checks
  ✓ knex: 4060 expected-result checks
  ✓ drizzle: 4060 expected-result checks
  ✓ prisma: 4060 expected-result checks
  ✓ sequelize: 4060 expected-result checks
  ✓ typeorm: 4060 expected-result checks
  ✓ objection: 4060 expected-result checks
  ✓ mikroorm: 4060 expected-result checks

ALL ADAPTERS MATCH THE SEED SPECIFICATION
summary -> experiments/spec-oracle.json

> express-db-access-performance-experiments@0.1.0 prisma:generate:mysql
> prisma generate --schema=prisma/schema.mysql.prisma

Prisma schema loaded from prisma/schema.mysql.prisma.

✔ Generated Prisma Client (v7.8.0) to ./node_modules/@prisma/client in 90ms

Start by importing your Prisma Client (See: https://pris.ly/d/importing-client)


Building DB-independent seed oracle: 100000 posts, 1000000 comments; 1015 post inputs, 1007 author inputs
  ✓ mysql2: 4060 expected-result checks
  ✓ mysql2-tuned: 4060 expected-result checks
  ✓ knex: 4060 expected-result checks
  ✓ drizzle: 4060 expected-result checks
  ✓ prisma: 4060 expected-result checks
  ✓ sequelize: 4060 expected-result checks
  ✓ typeorm: 4060 expected-result checks
  ✓ objection: 4060 expected-result checks
  ✓ mikroorm: 4060 expected-result checks

ALL ADAPTERS MATCH THE SEED SPECIFICATION
summary -> experiments/spec-oracle.json

> express-db-access-performance-experiments@0.1.0 verify:fixed
> npm run prisma:generate:pg && ENGINE=postgres node bench/verify.mjs && npm run prisma:generate:mysql && ENGINE=mysql node bench/verify.mjs


> express-db-access-performance-experiments@0.1.0 prisma:generate:pg
> prisma generate --schema=prisma/schema.postgres.prisma

Prisma schema loaded from prisma/schema.postgres.prisma.

✔ Generated Prisma Client (v7.8.0) to ./node_modules/@prisma/client in 102ms

Start by importing your Prisma Client (See: https://pris.ly/d/importing-client)


Verifying 9 adapters on postgres (baseline=pg, byte-level)

baseline pg: 12 probes, bytes: getPost:1=186 thread:1=2814 threadRaw:1=2814 getPost:50000=210 thread:50000=2853 threadRaw:50000=2853 getPost:99999=209 thread:99999=1937 threadRaw:99999=1937 list:1000=3970 list:60000=4204 summary:1000=59
  ✓ pg (baseline)
  ✓ pg-tuned (byte-identical on 12 probes)
  ✓ knex (byte-identical on 12 probes)
  ✓ drizzle (byte-identical on 12 probes)
  ✓ prisma (byte-identical on 12 probes)
  ✓ sequelize (byte-identical on 12 probes)
  ✓ typeorm (byte-identical on 12 probes)
  ✓ objection (byte-identical on 12 probes)
  ✓ mikroorm (byte-identical on 12 probes)

Alternative documented deep-fetch strategy (postgres) --- byte-equivalent documented alternatives:
  ✓ sequelize (alt byte-identical, a valid documented-strategy sensitivity candidate)
  – typeorm (alt errors; not a valid drop-in on postgres)
  – objection (alt not byte-identical; not a valid drop-in on postgres)
  ✓ mikroorm (alt byte-identical, a valid documented-strategy sensitivity candidate)

ALL BYTE-IDENTICAL

> express-db-access-performance-experiments@0.1.0 prisma:generate:mysql
> prisma generate --schema=prisma/schema.mysql.prisma

Prisma schema loaded from prisma/schema.mysql.prisma.

✔ Generated Prisma Client (v7.8.0) to ./node_modules/@prisma/client in 91ms

Start by importing your Prisma Client (See: https://pris.ly/d/importing-client)


Verifying 9 adapters on mysql (baseline=mysql2, byte-level)

baseline mysql2: 12 probes, bytes: getPost:1=186 thread:1=2814 threadRaw:1=2814 getPost:50000=210 thread:50000=2853 threadRaw:50000=2853 getPost:99999=209 thread:99999=1937 threadRaw:99999=1937 list:1000=3970 list:60000=4204 summary:1000=59
  ✓ mysql2 (baseline)
  ✓ mysql2-tuned (byte-identical on 12 probes)
  ✓ knex (byte-identical on 12 probes)
  ✓ drizzle (byte-identical on 12 probes)
  ✓ prisma (byte-identical on 12 probes)
  ✓ sequelize (byte-identical on 12 probes)
  ✓ typeorm (byte-identical on 12 probes)
  ✓ objection (byte-identical on 12 probes)
  ✓ mikroorm (byte-identical on 12 probes)

Alternative documented deep-fetch strategy (mysql) --- byte-equivalent documented alternatives:
  ✓ sequelize (alt byte-identical, a valid documented-strategy sensitivity candidate)
  – typeorm (alt errors; not a valid drop-in on mysql)
  ✓ objection (alt byte-identical, a valid documented-strategy sensitivity candidate)
  ✓ mikroorm (alt byte-identical, a valid documented-strategy sensitivity candidate)

ALL BYTE-IDENTICAL

> express-db-access-performance-experiments@0.1.0 verify:property
> npm run prisma:generate:pg && ENGINE=postgres node bench/verify-property.mjs && npm run prisma:generate:mysql && ENGINE=mysql node bench/verify-property.mjs


> express-db-access-performance-experiments@0.1.0 prisma:generate:pg
> prisma generate --schema=prisma/schema.postgres.prisma

Prisma schema loaded from prisma/schema.postgres.prisma.

✔ Generated Prisma Client (v7.8.0) to ./node_modules/@prisma/client in 92ms

Start by importing your Prisma Client (See: https://pris.ly/d/importing-client)


Property gate on postgres: baseline=pg; 1009 post ids (9 edge + 1000 random), 1007 author ids (7 edge + 1000 random), 8 keyset params; 9 adapters

baseline pg: 3800 inputs/adapter
  ✓ pg (baseline)
  ✓ pg-tuned (byte-identical on 3800 inputs)
  ✓ knex (byte-identical on 3800 inputs)
  ✓ drizzle (byte-identical on 3800 inputs)
  ✓ prisma (byte-identical on 3800 inputs)
  ✓ sequelize (byte-identical on 3800 inputs)
  ✓ typeorm (byte-identical on 3800 inputs)
  ✓ objection (byte-identical on 3800 inputs)
  ✓ mikroorm (byte-identical on 3800 inputs)

ALL BYTE-IDENTICAL — 30400 adapter×input comparisons on postgres
coverage summary -> experiments/semantic-equivalence.json (postgres)

> express-db-access-performance-experiments@0.1.0 prisma:generate:mysql
> prisma generate --schema=prisma/schema.mysql.prisma

Prisma schema loaded from prisma/schema.mysql.prisma.

✔ Generated Prisma Client (v7.8.0) to ./node_modules/@prisma/client in 90ms

Start by importing your Prisma Client (See: https://pris.ly/d/importing-client)


Property gate on mysql: baseline=mysql2; 1009 post ids (9 edge + 1000 random), 1007 author ids (7 edge + 1000 random), 8 keyset params; 9 adapters

baseline mysql2: 3800 inputs/adapter
  ✓ mysql2 (baseline)
  ✓ mysql2-tuned (byte-identical on 3800 inputs)
  ✓ knex (byte-identical on 3800 inputs)
  ✓ drizzle (byte-identical on 3800 inputs)
  ✓ prisma (byte-identical on 3800 inputs)
  ✓ sequelize (byte-identical on 3800 inputs)
  ✓ typeorm (byte-identical on 3800 inputs)
  ✓ objection (byte-identical on 3800 inputs)
  ✓ mikroorm (byte-identical on 3800 inputs)

ALL BYTE-IDENTICAL — 30400 adapter×input comparisons on mysql
coverage summary -> experiments/semantic-equivalence.json (mysql)

> express-db-access-performance-experiments@0.1.0 verify:writes
> npm run prisma:generate:pg && ENGINE=postgres node bench/verify-writes.mjs && npm run prisma:generate:mysql && ENGINE=mysql node bench/verify-writes.mjs


> express-db-access-performance-experiments@0.1.0 prisma:generate:pg
> prisma generate --schema=prisma/schema.postgres.prisma

Prisma schema loaded from prisma/schema.postgres.prisma.

✔ Generated Prisma Client (v7.8.0) to ./node_modules/@prisma/client in 94ms

Start by importing your Prisma Client (See: https://pris.ly/d/importing-client)


Write-state admission: 9 adapters on postgres (separate pg verifier)

  ✓ pg (createPost + createThread fields/id/row counts + transaction atomicity)
  ✓ pg-tuned (createPost fields/id/row count; createThread not implemented)
  ✓ knex (createPost + createThread fields/id/row counts + transaction atomicity)
  ✓ drizzle (createPost fields/id/row count; createThread not implemented)
  ✓ prisma (createPost + createThread fields/id/row counts + transaction atomicity)
  ✓ sequelize (createPost fields/id/row count; createThread not implemented)
  ✓ typeorm (createPost + createThread fields/id/row counts + transaction atomicity)
  ✓ objection (createPost fields/id/row count; createThread not implemented)
  ✓ mikroorm (createPost + createThread fields/id/row counts + transaction atomicity)

ALL WRITES SEMANTICALLY CORRECT
scope summary -> experiments/write-admission.json

> express-db-access-performance-experiments@0.1.0 prisma:generate:mysql
> prisma generate --schema=prisma/schema.mysql.prisma

Prisma schema loaded from prisma/schema.mysql.prisma.

✔ Generated Prisma Client (v7.8.0) to ./node_modules/@prisma/client in 90ms

Start by importing your Prisma Client (See: https://pris.ly/d/importing-client)


Write-state admission: 9 adapters on mysql (separate mysql2 verifier)

  ✓ mysql2 (createPost fields/id/row count; createThread not implemented)
  ✓ mysql2-tuned (createPost fields/id/row count; createThread not implemented)
  ✓ knex (createPost + createThread fields/id/row counts + transaction atomicity)
  ✓ drizzle (createPost fields/id/row count; createThread not implemented)
  ✓ prisma (createPost + createThread fields/id/row counts + transaction atomicity)
  ✓ sequelize (createPost fields/id/row count; createThread not implemented)
  ✓ typeorm (createPost + createThread fields/id/row counts + transaction atomicity)
  ✓ objection (createPost fields/id/row count; createThread not implemented)
  ✓ mikroorm (createPost + createThread fields/id/row counts + transaction atomicity)

ALL WRITES SEMANTICALLY CORRECT
scope summary -> experiments/write-admission.json

> express-db-access-performance-experiments@0.1.0 verify:campaign-state
> ENGINE=postgres node bench/verify-campaign-state.mjs && ENGINE=mysql node bench/verify-campaign-state.mjs

postgres campaign-state preflight: PASS
{
  "expected": {
    "authors": 2000,
    "posts": 100006,
    "comments": 1000661,
    "nextPostId": 300001
  },
  "actual": {
    "authors": 2000,
    "posts": 100006,
    "comments": 1000661,
    "strayPosts": 0,
    "nextPostId": 300001,
    "fanout": [
      {
        "id": 250001,
        "comments": 0
      },
      {
        "id": 250002,
        "comments": 1
      },
      {
        "id": 250003,
        "comments": 10
      },
      {
        "id": 250004,
        "comments": 50
      },
      {
        "id": 250005,
        "comments": 100
      },
      {
        "id": 250006,
        "comments": 500
      }
    ]
  },
  "checks": {
    "authors": true,
    "posts": true,
    "comments": true,
    "noStrayPosts": true,
    "writeSequence": true,
    "fanout": true
  },
  "status": "PASS"
}
mysql campaign-state preflight: PASS
{
  "expected": {
    "authors": 2000,
    "posts": 100006,
    "comments": 1000661,
    "nextPostId": 300001
  },
  "actual": {
    "authors": 2000,
    "posts": 100006,
    "comments": 1000661,
    "strayPosts": 0,
    "nextPostId": 300001,
    "fanout": [
      {
        "id": 250001,
        "comments": 0
      },
      {
        "id": 250002,
        "comments": 1
      },
      {
        "id": 250003,
        "comments": 10
      },
      {
        "id": 250004,
        "comments": 50
      },
      {
        "id": 250005,
        "comments": 100
      },
      {
        "id": 250006,
        "comments": 500
      }
    ]
  },
  "checks": {
    "authors": true,
    "posts": true,
    "comments": true,
    "noStrayPosts": true,
    "writeSequence": true,
    "fanout": true
  },
  "status": "PASS"
}

> express-db-access-performance-experiments@0.1.0 verify:seed-parity
> node bench/verify-seed-parity.mjs

{
  "scope": "fan-out posts/comments; database-generated timestamps excluded",
  "rows": 662,
  "sha256": "402e0aebbbc99f6ca32f6e176182fbb4fe753fe273f2e79fb00d5b73a99fe5ca",
  "status": "IDENTICAL ACROSS ENGINES"
}
date_utc: 2026-07-23T19:53:04.363Z
node: v24.18.0
platform: linux 6.17.0-29-generic (x64)
cpu: Intel(R) Xeon(R) Gold 6140 CPU @ 2.30GHz x16
mem_total_gb: 125.8
loadavg: 1.19 1.77 2.38
cpu_governor: unavailable
turbo_no_turbo: unavailable
numa_nodes: 1
virtualization: vmware
process_affinity: pid 3736301's current affinity list: 0-15
git_commit: 61aa2b57168f53f02ec968189851374a4be8a002 (dirty)
package_lock_sha256: b4449306ba3784814488c4633a04ebb74f9c867366efadc1b793d7f5e88f1510
f3291450d463e4d2e2f45a0be70db85c3bb1ba75f4a2c6af986177eca38fe426  results/source-manifest-rq2-campaign2-corrected-state.json (42 files)
postgres campaign-state preflight: PASS
{
  "expected": {
    "authors": 2000,
    "posts": 100006,
    "comments": 1000661,
    "nextPostId": 300001
  },
  "actual": {
    "authors": 2000,
    "posts": 100006,
    "comments": 1000661,
    "strayPosts": 0,
    "nextPostId": 300001,
    "fanout": [
      {
        "id": 250001,
        "comments": 0
      },
      {
        "id": 250002,
        "comments": 1
      },
      {
        "id": 250003,
        "comments": 10
      },
      {
        "id": 250004,
        "comments": 50
      },
      {
        "id": 250005,
        "comments": 100
      },
      {
        "id": 250006,
        "comments": 500
      }
    ]
  },
  "checks": {
    "authors": true,
    "posts": true,
    "comments": true,
    "noStrayPosts": true,
    "writeSequence": true,
    "fanout": true
  },
  "status": "PASS"
}
mysql campaign-state preflight: PASS
{
  "expected": {
    "authors": 2000,
    "posts": 100006,
    "comments": 1000661,
    "nextPostId": 300001
  },
  "actual": {
    "authors": 2000,
    "posts": 100006,
    "comments": 1000661,
    "strayPosts": 0,
    "nextPostId": 300001,
    "fanout": [
      {
        "id": 250001,
        "comments": 0
      },
      {
        "id": 250002,
        "comments": 1
      },
      {
        "id": 250003,
        "comments": 10
      },
      {
        "id": 250004,
        "comments": 50
      },
      {
        "id": 250005,
        "comments": 100
      },
      {
        "id": 250006,
        "comments": 500
      }
    ]
  },
  "checks": {
    "authors": true,
    "posts": true,
    "comments": true,
    "noStrayPosts": true,
    "writeSequence": true,
    "fanout": true
  },
  "status": "PASS"
}

===== replicate 1/25 (order=shuffle: mysql2-tuned,sequelize,prisma,sequelize,typeorm,knex,prisma,mikroorm,mysql2,pg-tuned,typeorm,objection,objection,drizzle,pg,mikroorm,drizzle,knex) =====

== rep 1: mysql2-tuned on mysql ==
[server] adapter=mysql2-tuned engine=mysql pool=10 :3101
  mysql2-tuned/mysql/point_read: 4191 req/s  p99=14ms  cpu=100% (kids 0%, db 35%)  err/to/n2=0/0/0  rss=207MB
  mysql2-tuned/mysql/range_scan: 3257 req/s  p99=17ms  cpu=100% (kids 0%, db 45%)  err/to/n2=0/0/0  rss=213MB
  mysql2-tuned/mysql/deep_fetch: 2384 req/s  p99=26ms  cpu=100% (kids 0%, db 70%)  err/to/n2=0/0/0  rss=212MB
