
> express-db-access-performance-experiments@0.1.0 verify:campaign-state
> ENGINE=postgres node bench/verify-campaign-state.mjs && ENGINE=mysql node bench/verify-campaign-state.mjs

postgres campaign-state preflight: PASS
{
  "expected": {
    "authors": 2000,
    "posts": 100006,
    "comments": 1000661,
    "nextPostId": 300001
  },
  "actual": {
    "authors": 2000,
    "posts": 100006,
    "comments": 1000661,
    "strayPosts": 0,
    "nextPostId": 300001,
    "fanout": [
      {
        "id": 250001,
        "comments": 0
      },
      {
        "id": 250002,
        "comments": 1
      },
      {
        "id": 250003,
        "comments": 10
      },
      {
        "id": 250004,
        "comments": 50
      },
      {
        "id": 250005,
        "comments": 100
      },
      {
        "id": 250006,
        "comments": 500
      }
    ]
  },
  "checks": {
    "authors": true,
    "posts": true,
    "comments": true,
    "noStrayPosts": true,
    "writeSequence": true,
    "fanout": true
  },
  "status": "PASS"
}
mysql campaign-state preflight: PASS
{
  "expected": {
    "authors": 2000,
    "posts": 100006,
    "comments": 1000661,
    "nextPostId": 300001
  },
  "actual": {
    "authors": 2000,
    "posts": 100006,
    "comments": 1000661,
    "strayPosts": 0,
    "nextPostId": 300001,
    "fanout": [
      {
        "id": 250001,
        "comments": 0
      },
      {
        "id": 250002,
        "comments": 1
      },
      {
        "id": 250003,
        "comments": 10
      },
      {
        "id": 250004,
        "comments": 50
      },
      {
        "id": 250005,
        "comments": 100
      },
      {
        "id": 250006,
        "comments": 500
      }
    ]
  },
  "checks": {
    "authors": true,
    "posts": true,
    "comments": true,
    "noStrayPosts": true,
    "writeSequence": true,
    "fanout": true
  },
  "status": "PASS"
}
date_utc: 2026-07-23T16:16:49.562Z
node: v24.18.0
platform: linux 6.17.0-29-generic (x64)
cpu: Intel(R) Xeon(R) Gold 6140 CPU @ 2.30GHz x16
mem_total_gb: 125.8
loadavg: 0.08 1.04 2.03
cpu_governor: unavailable
turbo_no_turbo: unavailable
numa_nodes: 1
virtualization: vmware
process_affinity: pid 3656097's current affinity list: 0-15
git_commit: 61aa2b57168f53f02ec968189851374a4be8a002 (dirty)
package_lock_sha256: b4449306ba3784814488c4633a04ebb74f9c867366efadc1b793d7f5e88f1510
70710ce23aa6c5366e38d305a86c18c2b6987eb09b76994a7263b855617a733c  results/source-manifest-rq2-campaign2-corrected-state.json (22 files)
postgres campaign-state preflight: PASS
{
  "expected": {
    "authors": 2000,
    "posts": 100006,
    "comments": 1000661,
    "nextPostId": 300001
  },
  "actual": {
    "authors": 2000,
    "posts": 100006,
    "comments": 1000661,
    "strayPosts": 0,
    "nextPostId": 300001,
    "fanout": [
      {
        "id": 250001,
        "comments": 0
      },
      {
        "id": 250002,
        "comments": 1
      },
      {
        "id": 250003,
        "comments": 10
      },
      {
        "id": 250004,
        "comments": 50
      },
      {
        "id": 250005,
        "comments": 100
      },
      {
        "id": 250006,
        "comments": 500
      }
    ]
  },
  "checks": {
    "authors": true,
    "posts": true,
    "comments": true,
    "noStrayPosts": true,
    "writeSequence": true,
    "fanout": true
  },
  "status": "PASS"
}
mysql campaign-state preflight: PASS
{
  "expected": {
    "authors": 2000,
    "posts": 100006,
    "comments": 1000661,
    "nextPostId": 300001
  },
  "actual": {
    "authors": 2000,
    "posts": 100006,
    "comments": 1000661,
    "strayPosts": 0,
    "nextPostId": 300001,
    "fanout": [
      {
        "id": 250001,
        "comments": 0
      },
      {
        "id": 250002,
        "comments": 1
      },
      {
        "id": 250003,
        "comments": 10
      },
      {
        "id": 250004,
        "comments": 50
      },
      {
        "id": 250005,
        "comments": 100
      },
      {
        "id": 250006,
        "comments": 500
      }
    ]
  },
  "checks": {
    "authors": true,
    "posts": true,
    "comments": true,
    "noStrayPosts": true,
    "writeSequence": true,
    "fanout": true
  },
  "status": "PASS"
}

===== replicate 1/25 (order=shuffle: mysql2-tuned,sequelize,prisma,sequelize,typeorm,knex,prisma,mikroorm,mysql2,pg-tuned,typeorm,objection,objection,drizzle,pg,mikroorm,drizzle,knex) =====

== rep 1: mysql2-tuned on mysql ==
[server] adapter=mysql2-tuned engine=mysql pool=10 :3101
  mysql2-tuned/mysql/point_read: 4220 req/s  p99=15ms  cpu=100% (kids 0%, db 35%)  err/to/n2=0/0/0  rss=206MB
  mysql2-tuned/mysql/range_scan: 3248 req/s  p99=17ms  cpu=100% (kids 0%, db 40%)  err/to/n2=0/0/0  rss=211MB
  mysql2-tuned/mysql/deep_fetch: 2252 req/s  p99=25ms  cpu=100% (kids 0%, db 65%)  err/to/n2=0/0/0  rss=210MB
  mysql2-tuned/mysql/aggregation: 4380 req/s  p99=14ms  cpu=100% (kids 0%, db 310%)  err/to/n2=0/0/0  rss=210MB
[server] adapter=mysql2-tuned engine=mysql pool=10 :3102
  mysql2-tuned/mysql/write: 1346 req/s  p99=152ms  cpu=40% (kids 0%, db 35%)  err/to/n2=0/0/0  rss=142MB

== rep 1: sequelize on postgres ==
[server] adapter=sequelize engine=postgres pool=10 :3103
  sequelize/postgres/point_read: 3480 req/s  p99=17ms  cpu=100% (kids 0%, db 30%)  err/to/n2=0/0/0  rss=207MB
  sequelize/postgres/range_scan: 2453 req/s  p99=24ms  cpu=100% (kids 0%, db 35%)  err/to/n2=0/0/0  rss=212MB
  sequelize/postgres/deep_fetch: 981 req/s  p99=57ms  cpu=100% (kids 0%, db 50%)  err/to/n2=0/0/0  rss=253MB
  sequelize/postgres/aggregation: 4431 req/s  p99=14ms  cpu=100% (kids 0%, db 288%)  err/to/n2=0/0/0  rss=258MB
[server] adapter=sequelize engine=postgres pool=10 :3104
  sequelize/postgres/write: 2629 req/s  p99=24ms  cpu=100% (kids 0%, db 50%)  err/to/n2=0/0/0  rss=223MB

== rep 1: prisma on mysql ==
[server] adapter=prisma engine=mysql pool=10 :3105
  prisma/mysql/point_read: 2045 req/s  p99=29ms  cpu=105% (kids 0%, db 47%)  err/to/n2=0/0/0  rss=310MB
  prisma/mysql/range_scan: 1556 req/s  p99=37ms  cpu=105% (kids 0%, db 45%)  err/to/n2=0/0/0  rss=326MB
  prisma/mysql/deep_fetch: 631 req/s  p99=96ms  cpu=105% (kids 0%, db 65%)  err/to/n2=0/0/0  rss=332MB
  prisma/mysql/aggregation: 2387 req/s  p99=28ms  cpu=100% (kids 0%, db 230%)  err/to/n2=0/0/0  rss=343MB
[server] adapter=prisma engine=mysql pool=10 :3106
  prisma/mysql/write: 827 req/s  p99=139ms  cpu=90% (kids 0%, db 60%)  err/to/n2=0/0/0  rss=314MB

== rep 1: sequelize on mysql ==
[server] adapter=sequelize engine=mysql pool=10 :3107
  sequelize/mysql/point_read: 2574 req/s  p99=22ms  cpu=100% (kids 0%, db 30%)  err/to/n2=0/0/0  rss=217MB
  sequelize/mysql/range_scan: 2145 req/s  p99=29ms  cpu=100% (kids 0%, db 35%)  err/to/n2=0/0/0  rss=222MB
  sequelize/mysql/deep_fetch: 887 req/s  p99=64ms  cpu=100% (kids 0%, db 30%)  err/to/n2=0/0/0  rss=251MB
  sequelize/mysql/aggregation: 3135 req/s  p99=19ms  cpu=100% (kids 0%, db 235%)  err/to/n2=0/0/0  rss=263MB
[server] adapter=sequelize engine=mysql pool=10 :3108
  sequelize/mysql/write: 1415 req/s  p99=115ms  cpu=70% (kids 0%, db 40%)  err/to/n2=0/0/0  rss=208MB

== rep 1: typeorm on postgres ==
[server] adapter=typeorm engine=postgres pool=10 :3109
  typeorm/postgres/point_read: 4099 req/s  p99=16ms  cpu=102% (kids 0%, db 50%)  err/to/n2=0/0/0  rss=220MB
  typeorm/postgres/range_scan: 2586 req/s  p99=24ms  cpu=105% (kids 0%, db 40%)  err/to/n2=0/0/0  rss=263MB
  typeorm/postgres/deep_fetch: 1252 req/s  p99=46ms  cpu=105% (kids 0%, db 125%)  err/to/n2=0/0/0  rss=271MB
  typeorm/postgres/aggregation: 6150 req/s  p99=11ms  cpu=100% (kids 0%, db 375%)  err/to/n2=0/0/0  rss=270MB
[server] adapter=typeorm engine=postgres pool=10 :3110
  typeorm/postgres/write: 2610 req/s  p99=23ms  cpu=100% (kids 0%, db 65%)  err/to/n2=0/0/0  rss=239MB

== rep 1: knex on postgres ==
[server] adapter=knex engine=postgres pool=10 :3111
  knex/postgres/point_read: 4907 req/s  p99=13ms  cpu=100% (kids 0%, db 55%)  err/to/n2=0/0/0  rss=201MB
  knex/postgres/range_scan: 3149 req/s  p99=19ms  cpu=100% (kids 0%, db 45%)  err/to/n2=0/0/0  rss=208MB
  knex/postgres/deep_fetch: 2493 req/s  p99=23ms  cpu=100% (kids 0%, db 245%)  err/to/n2=0/0/0  rss=208MB
  knex/postgres/aggregation: 5656 req/s  p99=12ms  cpu=100% (kids 0%, db 350%)  err/to/n2=0/0/0  rss=208MB
[server] adapter=knex engine=postgres pool=10 :3112
  knex/postgres/write: 4069 req/s  p99=35ms  cpu=95% (kids 0%, db 75%)  err/to/n2=0/0/0  rss=196MB

== rep 1: prisma on postgres ==
[server] adapter=prisma engine=postgres pool=10 :3113
  prisma/postgres/point_read: 3281 req/s  p99=20ms  cpu=105% (kids 0%, db 40%)  err/to/n2=0/0/0  rss=300MB
  prisma/postgres/range_scan: 2424 req/s  p99=26ms  cpu=105% (kids 0%, db 35%)  err/to/n2=0/0/0  rss=301MB
  prisma/postgres/deep_fetch: 1199 req/s  p99=53ms  cpu=105% (kids 0%, db 65%)  err/to/n2=0/0/0  rss=308MB
  prisma/postgres/aggregation: 4341 req/s  p99=14ms  cpu=100% (kids 0%, db 290%)  err/to/n2=0/0/0  rss=309MB
[server] adapter=prisma engine=postgres pool=10 :3114
  prisma/postgres/write: 2574 req/s  p99=34ms  cpu=105% (kids 0%, db 55%)  err/to/n2=0/0/0  rss=303MB

== rep 1: mikroorm on postgres ==
[server] adapter=mikroorm engine=postgres pool=10 :3115
  mikroorm/postgres/point_read: 2538 req/s  p99=22ms  cpu=104% (kids 0%, db 25%)  err/to/n2=0/0/0  rss=271MB
  mikroorm/postgres/range_scan: 913 req/s  p99=67ms  cpu=105% (kids 0%, db 10%)  err/to/n2=0/0/0  rss=315MB
  mikroorm/postgres/deep_fetch: 527 req/s  p99=103ms  cpu=109% (kids 0%, db 50%)  err/to/n2=0/0/0  rss=323MB
  mikroorm/postgres/aggregation: 5625 req/s  p99=13ms  cpu=100% (kids 0%, db 350%)  err/to/n2=0/0/0  rss=322MB
[server] adapter=mikroorm engine=postgres pool=10 :3116
  mikroorm/postgres/write: 1899 req/s  p99=31ms  cpu=105% (kids 0%, db 45%)  err/to/n2=0/0/0  rss=223MB

== rep 1: mysql2 on mysql ==
[server] adapter=mysql2 engine=mysql pool=10 :3117
  mysql2/mysql/point_read: 4154 req/s  p99=17ms  cpu=105% (kids 0%, db 45%)  err/to/n2=0/0/0  rss=268MB
  mysql2/mysql/range_scan: 3343 req/s  p99=21ms  cpu=105% (kids 0%, db 55%)  err/to/n2=0/0/0  rss=290MB
  mysql2/mysql/deep_fetch: 2464 req/s  p99=25ms  cpu=105% (kids 0%, db 90%)  err/to/n2=0/0/0  rss=290MB
  mysql2/mysql/aggregation: 4481 req/s  p99=15ms  cpu=102% (kids 0%, db 340%)  err/to/n2=0/0/0  rss=290MB
[server] adapter=mysql2 engine=mysql pool=10 :3118
  mysql2/mysql/write: 1836 req/s  p99=123ms  cpu=50% (kids 0%, db 50%)  err/to/n2=0/0/0  rss=248MB

== rep 1: pg-tuned on postgres ==
[server] adapter=pg-tuned engine=postgres pool=10 :3119
  pg-tuned/postgres/point_read: 6952 req/s  p99=9ms  cpu=100% (kids 0%, db 35%)  err/to/n2=0/0/0  rss=197MB
  pg-tuned/postgres/range_scan: 3827 req/s  p99=17ms  cpu=100% (kids 0%, db 45%)  err/to/n2=0/0/0  rss=205MB
  pg-tuned/postgres/deep_fetch: 3802 req/s  p99=17ms  cpu=100% (kids 0%, db 230%)  err/to/n2=0/0/0  rss=205MB
  pg-tuned/postgres/aggregation: 7863 req/s  p99=8ms  cpu=100% (kids 0%, db 258%)  err/to/n2=0/0/0  rss=206MB
[server] adapter=pg-tuned engine=postgres pool=10 :3120
  pg-tuned/postgres/write: 6078 req/s  p99=11ms  cpu=100% (kids 0%, db 70%)  err/to/n2=0/0/0  rss=194MB

== rep 1: typeorm on mysql ==
[server] adapter=typeorm engine=mysql pool=10 :3121
  typeorm/mysql/point_read: 3004 req/s  p99=19ms  cpu=100% (kids 0%, db 35%)  err/to/n2=0/0/0  rss=216MB
  typeorm/mysql/range_scan: 2266 req/s  p99=28ms  cpu=100% (kids 0%, db 40%)  err/to/n2=0/0/0  rss=222MB
  typeorm/mysql/deep_fetch: 1047 req/s  p99=49ms  cpu=100% (kids 0%, db 70%)  err/to/n2=0/0/0  rss=226MB
  typeorm/mysql/aggregation: 3885 req/s  p99=17ms  cpu=100% (kids 0%, db 295%)  err/to/n2=0/0/0  rss=226MB
[server] adapter=typeorm engine=mysql pool=10 :3122
  typeorm/mysql/write: 1403 req/s  p99=101ms  cpu=90% (kids 0%, db 55%)  err/to/n2=0/0/0  rss=214MB

== rep 1: objection on postgres ==
[server] adapter=objection engine=postgres pool=10 :3123
  objection/postgres/point_read: 4020 req/s  p99=14ms  cpu=100% (kids 0%, db 40%)  err/to/n2=0/0/0  rss=203MB
  objection/postgres/range_scan: 2588 req/s  p99=25ms  cpu=100% (kids 0%, db 40%)  err/to/n2=0/0/0  rss=210MB
  objection/postgres/deep_fetch: 1058 req/s  p99=53ms  cpu=100% (kids 0%, db 50%)  err/to/n2=0/0/0  rss=211MB
  objection/postgres/aggregation: 3862 req/s  p99=16ms  cpu=100% (kids 0%, db 255%)  err/to/n2=0/0/0  rss=212MB
[server] adapter=objection engine=postgres pool=10 :3124
  objection/postgres/write: 3880 req/s  p99=16ms  cpu=100% (kids 0%, db 70%)  err/to/n2=0/0/0  rss=222MB

== rep 1: objection on mysql ==
[server] adapter=objection engine=mysql pool=10 :3125
  objection/mysql/point_read: 3255 req/s  p99=17ms  cpu=100% (kids 0%, db 35%)  err/to/n2=0/0/0  rss=215MB
  objection/mysql/range_scan: 2579 req/s  p99=22ms  cpu=100% (kids 0%, db 40%)  err/to/n2=0/0/0  rss=221MB
  objection/mysql/deep_fetch: 867 req/s  p99=69ms  cpu=100% (kids 0%, db 47%)  err/to/n2=0/0/0  rss=223MB
  objection/mysql/aggregation: 3077 req/s  p99=20ms  cpu=100% (kids 0%, db 231%)  err/to/n2=0/0/0  rss=223MB
[server] adapter=objection engine=mysql pool=10 :3126
  objection/mysql/write: 1501 req/s  p99=111ms  cpu=55% (kids 0%, db 45%)  err/to/n2=0/0/0  rss=206MB

== rep 1: drizzle on mysql ==
[server] adapter=drizzle engine=mysql pool=10 :3127
  drizzle/mysql/point_read: 2903 req/s  p99=22ms  cpu=105% (kids 0%, db 30%)  err/to/n2=0/0/0  rss=284MB
  drizzle/mysql/range_scan: 2119 req/s  p99=31ms  cpu=105% (kids 0%, db 35%)  err/to/n2=0/0/0  rss=298MB
  drizzle/mysql/deep_fetch: 1290 req/s  p99=47ms  cpu=105% (kids 0%, db 50%)  err/to/n2=0/0/0  rss=299MB
  drizzle/mysql/aggregation: 3987 req/s  p99=17ms  cpu=105% (kids 0%, db 300%)  err/to/n2=0/0/0  rss=298MB
[server] adapter=drizzle engine=mysql pool=10 :3128
  drizzle/mysql/write: 1831 req/s  p99=113ms  cpu=65% (kids 0%, db 55%)  err/to/n2=0/0/0  rss=278MB

== rep 1: pg on postgres ==
[server] adapter=pg engine=postgres pool=10 :3129
  pg/postgres/point_read: 6493 req/s  p99=11ms  cpu=100% (kids 0%, db 65%)  err/to/n2=0/0/0  rss=197MB
  pg/postgres/range_scan: 3809 req/s  p99=18ms  cpu=105% (kids 0%, db 55%)  err/to/n2=0/0/0  rss=205MB
  pg/postgres/deep_fetch: 3668 req/s  p99=19ms  cpu=100% (kids 0%, db 355%)  err/to/n2=0/0/0  rss=205MB
  pg/postgres/aggregation: 6826 req/s  p99=9ms  cpu=100% (kids 0%, db 445%)  err/to/n2=0/0/0  rss=205MB
[server] adapter=pg engine=postgres pool=10 :3130
  pg/postgres/write: 6030 req/s  p99=11ms  cpu=100% (kids 0%, db 100%)  err/to/n2=0/0/0  rss=195MB

== rep 1: mikroorm on mysql ==
[server] adapter=mikroorm engine=mysql pool=10 :3131
  mikroorm/mysql/point_read: 2011 req/s  p99=29ms  cpu=100% (kids 0%, db 25%)  err/to/n2=0/0/0  rss=240MB
  mikroorm/mysql/range_scan: 864 req/s  p99=76ms  cpu=105% (kids 0%, db 15%)  err/to/n2=0/0/0  rss=341MB
  mikroorm/mysql/deep_fetch: 503 req/s  p99=105ms  cpu=110% (kids 0%, db 25%)  err/to/n2=0/0/0  rss=352MB
  mikroorm/mysql/aggregation: 4103 req/s  p99=15ms  cpu=100% (kids 0%, db 310%)  err/to/n2=0/0/0  rss=353MB
[server] adapter=mikroorm engine=mysql pool=10 :3132
  mikroorm/mysql/write: 1126 req/s  p99=131ms  cpu=85% (kids 0%, db 45%)  err/to/n2=0/0/0  rss=246MB

== rep 1: drizzle on postgres ==
[server] adapter=drizzle engine=postgres pool=10 :3133
  drizzle/postgres/point_read: 4171 req/s  p99=14ms  cpu=100% (kids 0%, db 50%)  err/to/n2=0/0/0  rss=235MB
  drizzle/postgres/range_scan: 2748 req/s  p99=20ms  cpu=100% (kids 0%, db 40%)  err/to/n2=0/0/0  rss=238MB
  drizzle/postgres/deep_fetch: 1896 req/s  p99=31ms  cpu=100% (kids 0%, db 187%)  err/to/n2=0/0/0  rss=235MB
  drizzle/postgres/aggregation: 6536 req/s  p99=10ms  cpu=100% (kids 0%, db 400%)  err/to/n2=0/0/0  rss=238MB
[server] adapter=drizzle engine=postgres pool=10 :3134
  drizzle/postgres/write: 4051 req/s  p99=17ms  cpu=100% (kids 0%, db 75%)  err/to/n2=0/0/0  rss=241MB

== rep 1: knex on mysql ==
[server] adapter=knex engine=mysql pool=10 :3135
  knex/mysql/point_read: 3832 req/s  p99=15ms  cpu=100% (kids 0%, db 40%)  err/to/n2=0/0/0  rss=208MB
  knex/mysql/range_scan: 3033 req/s  p99=19ms  cpu=100% (kids 0%, db 50%)  err/to/n2=0/0/0  rss=223MB
  knex/mysql/deep_fetch: 2034 req/s  p99=30ms  cpu=100% (kids 0%, db 75%)  err/to/n2=0/0/0  rss=224MB
  knex/mysql/aggregation: 4009 req/s  p99=17ms  cpu=100% (kids 0%, db 305%)  err/to/n2=0/0/0  rss=227MB
[server] adapter=knex engine=mysql pool=10 :3136
  knex/mysql/write: 1607 req/s  p99=130ms  cpu=50% (kids 0%, db 45%)  err/to/n2=0/0/0  rss=201MB
[checkpoint] replicate 1/25 saved (90 cells)

===== replicate 2/25 (order=shuffle: sequelize,prisma,typeorm,mysql2-tuned,objection,typeorm,mysql2,prisma,mikroorm,sequelize,drizzle,pg,knex,pg-tuned,drizzle,objection,mikroorm,knex) =====

== rep 2: sequelize on mysql ==
[server] adapter=sequelize engine=mysql pool=10 :3137
  sequelize/mysql/point_read: 2733 req/s  p99=21ms  cpu=100% (kids 0%, db 30%)  err/to/n2=0/0/0  rss=230MB
  sequelize/mysql/range_scan: 2138 req/s  p99=27ms  cpu=100% (kids 0%, db 35%)  err/to/n2=0/0/0  rss=233MB
  sequelize/mysql/deep_fetch: 892 req/s  p99=65ms  cpu=105% (kids 0%, db 30%)  err/to/n2=0/0/0  rss=325MB
  sequelize/mysql/aggregation: 3515 req/s  p99=18ms  cpu=100% (kids 0%, db 263%)  err/to/n2=0/0/0  rss=326MB
[server] adapter=sequelize engine=mysql pool=10 :3138
  sequelize/mysql/write: 1512 req/s  p99=106ms  cpu=70% (kids 0%, db 40%)  err/to/n2=0/0/0  rss=211MB

== rep 2: prisma on mysql ==
[server] adapter=prisma engine=mysql pool=10 :3139
  prisma/mysql/point_read: 2025 req/s  p99=29ms  cpu=105% (kids 0%, db 45%)  err/to/n2=0/0/0  rss=312MB
  prisma/mysql/range_scan: 1540 req/s  p99=39ms  cpu=105% (kids 0%, db 45%)  err/to/n2=0/0/0  rss=321MB
  prisma/mysql/deep_fetch: 630 req/s  p99=95ms  cpu=105% (kids 0%, db 65%)  err/to/n2=0/0/0  rss=327MB
  prisma/mysql/aggregation: 2463 req/s  p99=24ms  cpu=100% (kids 0%, db 235%)  err/to/n2=0/0/0  rss=335MB
[server] adapter=prisma engine=mysql pool=10 :3140
  prisma/mysql/write: 869 req/s  p99=108ms  cpu=90% (kids 0%, db 65%)  err/to/n2=0/0/0  rss=318MB

== rep 2: typeorm on postgres ==
[server] adapter=typeorm engine=postgres pool=10 :3141
  typeorm/postgres/point_read: 4133 req/s  p99=15ms  cpu=100% (kids 0%, db 50%)  err/to/n2=0/0/0  rss=264MB
  typeorm/postgres/range_scan: 2563 req/s  p99=25ms  cpu=105% (kids 0%, db 40%)  err/to/n2=0/0/0  rss=272MB
  typeorm/postgres/deep_fetch: 1217 req/s  p99=48ms  cpu=105% (kids 0%, db 120%)  err/to/n2=0/0/0  rss=274MB
  typeorm/postgres/aggregation: 6079 req/s  p99=11ms  cpu=100% (kids 0%, db 370%)  err/to/n2=0/0/0  rss=274MB
[server] adapter=typeorm engine=postgres pool=10 :3142
  typeorm/postgres/write: 2612 req/s  p99=25ms  cpu=100% (kids 0%, db 65%)  err/to/n2=0/0/0  rss=236MB

== rep 2: mysql2-tuned on mysql ==
[server] adapter=mysql2-tuned engine=mysql pool=10 :3143
  mysql2-tuned/mysql/point_read: 4302 req/s  p99=14ms  cpu=100% (kids 0%, db 35%)  err/to/n2=0/0/0  rss=206MB
  mysql2-tuned/mysql/range_scan: 3281 req/s  p99=17ms  cpu=100% (kids 0%, db 45%)  err/to/n2=0/0/0  rss=212MB
